20:54:17 **** Incremental Build of configuration Debug for project mspa3_mrunali ****
make -j8 all 
arm-none-eabi-gcc "../Core/Src/main.c" -mcpu=cortex-m3 -std=gnu11 -g3 -DDEBUG -DUSE_HAL_DRIVER -DSTM32F103x6 -c -I../Core/Inc -I../Drivers/STM32F1xx_HAL_Driver/Inc/Legacy -I../Drivers/STM32F1xx_HAL_Driver/Inc -I../Drivers/CMSIS/Device/ST/STM32F1xx/Include -I../Drivers/CMSIS/Include -O0 -ffunction-sections -fdata-sections -Wall -fstack-usage -fcyclomatic-complexity -MMD -MP -MF"Core/Src/main.d" -MT"Core/Src/main.o" --specs=nano.specs -mfloat-abi=soft -mthumb -o "Core/Src/main.o"
arm-none-eabi-gcc -o "mspa3_mrunali.elf" @"objects.list"   -mcpu=cortex-m3 -T"E:\STM32CubeIDE\workspace_1.16.1\mspa3_mrunali\STM32F103C6TX_FLASH.ld" --specs=nosys.specs -Wl,-Map="mspa3_mrunali.map" -Wl,--gc-sections -static --specs=nano.specs -mfloat-abi=soft -mthumb -Wl,--start-group -lc -lm -Wl,--end-group
Finished building target: mspa3_mrunali.elf
 
arm-none-eabi-size  mspa3_mrunali.elf 
arm-none-eabi-objdump -h -S mspa3_mrunali.elf  > "mspa3_mrunali.list"
   text	   data	    bss	    dec	    hex	filename
  22292	     96	   3248	  25636	   6424	mspa3_mrunali.elf
Finished building: default.size.stdout
 
Finished building: mspa3_mrunali.list
 
20:54:27 **** Incremental Build of configuration Debug for project mspa3_mrunali ****
make -j8 all 
arm-none-eabi-size  mspa3_mrunali.elf 
   text	   data	    bss	    dec	    hex	filename
  22292	     96	   3248	  25636	   6424	mspa3_mrunali.elf
Finished building: default.size.stdout
 
